[2026-09-21 22:12:53] testing.ERROR: Vite manifest not found at: F:\My Projects\source-x-multi-tenant-agency-modern\source-x-multi-tenant-agency\public\build/manifest.json (View: F:\My Projects\source-x-multi-tenant-agency-modern\source-x-multi-tenant-agency\resources\views\app.blade.php) {"userId":1,"exception":"[object] (Illuminate\\View\\ViewException(code: 0): Vite manifest not found at: F:\\My Projects\\source-x-multi-tenant-agency-modern\\source-x-multi-tenant-agency\\public\\build/manifest.json (View: F:\\My Projects\\source-x-multi-tenant-agency-modern\\source-x-multi-tenant-agency\\resources\\views\\app.blade.php) at F:/My Projects/source-x-multi-tenant-agency-modern/source-x-multi-tenant-agency/vendor/laravel/framework/src/Illuminate/Foundation/Vite.php:946)
[stacktrace]
#0 F:/My Projects/source-x-multi-tenant-agency-modern/source-x-multi-tenant-agency/vendor/laravel/framework/src/Illuminate/View/Engines/PhpEngine.php(59): Illuminate/View/Engines/CompilerEngine->handleViewException(Object(Illuminate/Foundation/ViteManifestNotFoundException), 1)
#1 F:/My Projects/source-x-multi-tenant-agency-modern/source-x-multi-tenant-agency/vendor/laravel/framework/src/Illuminate/View/Engines/CompilerEngine.php(76): Illuminate/View/Engines/PhpEngine->evaluatePath('F://My Projects//...', Array)
#2 F:/My Projects/source-x-multi-tenant-agency-modern/source-x-multi-tenant-agency/vendor/laravel/framework/src/Illuminate/View/View.php(208): Illuminate/View/Engines/CompilerEngine->get('F://My Projects//...', Array)
#3 F:/My Projects/source-x-multi-tenant-agency-modern/source-x-multi-tenant-agency/vendor/laravel/framework/src/Illuminate/View/View.php(191): Illuminate/View/View->getContents()
#4 F:/My Projects/source-x-multi-tenant-agency-modern/source-x-multi-tenant-agency/vendor/laravel/framework/src/Illuminate/View/View.php(160): Illuminate/View/View->renderContents()
#5 F:/My Projects/source-x-multi-tenant-agency-modern/source-x-multi-tenant-agency/vendor/laravel/framework/src/Illuminate/Http/Response.php(78): Illuminate/View/View->render()
#6 F:/My Projects/source-x-multi-tenant-agency-modern/source-x-multi-tenant-agency/vendor/laravel/framework/src/Illuminate/Http/Response.php(34): Illuminate/Http/Response->setContent(Object(Illuminate/View/View))
#7 F:/My Projects/source-x-multi-tenant-agency-modern/source-x-multi-tenant-agency/vendor/laravel/framework/src/Illuminate/Routing/ResponseFactory.php(61): Illuminate/Http/Response->__construct(Object(Illuminate/View/View), 200, Array)
#8 F:/My Projects/source-x-multi-tenant-agency-modern/source-x-multi-tenant-agency/vendor/laravel/framework/src/Illuminate/Routing/ResponseFactory.php(91): Illuminate/Routing/ResponseFactory->make(Object(Illuminate/View/View), 200, Array)
#9 F:/My Projects/source-x-multi-tenant-agency-modern/source-x-multi-tenant-agency/vendor/laravel/framework/src/Illuminate/Support/Facades/Facade.php(363): Illuminate/Routing/ResponseFactory->view('app', Array)
#10 F:/My Projects/source-x-multi-tenant-agency-modern/source-x-multi-tenant-agency/vendor/inertiajs/inertia-laravel/src/Response.php(219): Illuminate/Support/Facades/Facade::__callStatic('view', Array)
#11 F:/My Projects/source-x-multi-tenant-agency-modern/source-x-multi-tenant-agency/vendor/laravel/framework/src/Illuminate/Routing/Router.php(921): Inertia/Response->toResponse(Object(Illuminate/Http/Request))
#12 F:/My Projects/source-x-multi-tenant-agency-modern/source-x-multi-tenant-agency/vendor/laravel/framework/src/Illuminate/Routing/Router.php(906): Illuminate/Routing/Router::toResponse(Object(Illuminate/Http/Request), Object(Inertia/Response))
#13 F:/My Projects/source-x-multi-tenant-agency-modern/source-x-multi-tenant-agency/vendor/laravel/framework/src/Illuminate/Routing/Router.php(821): Illuminate/Routing/Router->prepareResponse(Object(Illuminate/Http/Request), Object(Inertia/Response))
#14 F:/My Projects/source-x-multi-tenant-agency-modern/source-x-multi-tenant-agency/vendor/laravel/framework/src/Illuminate/Pipeline/Pipeline.php(180): Illuminate/Routing/Router->Illuminate/Routing/{closure}(Object(Illuminate/Http/Request))
#15 F:/My Projects/source-x-multi-tenant-agency-modern/source-x-multi-tenant-agency/app/Http/Middleware/SetTenantContext.php(20): Illuminate/Pipeline/Pipeline->Illuminate/Pipeline/{closure}(Object(Illuminate/Http/Request))
#16 F:/My Projects/source-x-multi-tenant-agency-modern/source-x-multi-tenant-agency/vendor/laravel/framework/src/Illuminate/Pipeline/Pipeline.php(219): App/Http/Middleware/SetTenantContext->handle(Object(Illuminate/Http/Request), Object(Closure))
#17 F:/My Projects/source-x-multi-tenant-agency-modern/source-x-multi-tenant-agency/vendor/inertiajs/inertia-laravel/src/Middleware.php(122): Illuminate/Pipeline/Pipeline->Illuminate/Pipeline/{closure}(Object(Illuminate/Http/Request))
#18 F:/My Projects/source-x-multi-tenant-agency-modern/source-x-multi-tenant-agency/vendor/laravel/framework/src/Illuminate/Pipeline/Pipeline.php(219): Inertia/Middleware->handle(Object(Illuminate/Http/Request), Object(Closure))
#19 F:/My Projects/source-x-multi-tenant-agency-modern/source-x-multi-tenant-agency/vendor/laravel/framework/src/Illuminate/Routing/Middleware/SubstituteBindings.php(50): Illuminate/Pipeline/Pipeline->Illuminate/Pipeline/{closure}(Object(Illuminate/Http/Request))
#20 F:/My Projects/source-x-multi-tenant-agency-modern/source-x-multi-tenant-agency/vendor/laravel/framework/src/Illuminate/Pipeline/Pipeline.php(219): Illuminate/Routing/Middleware/SubstituteBindings->handle(Object(Illuminate/Http/Request), Object(Closure))
#21 F:/My Projects/source-x-multi-tenant-agency-modern/source-x-multi-tenant-agency/vendor/laravel/framework/src/Illuminate/Auth/Middleware/Authenticate.php(63): Illuminate/Pipeline/Pipeline->Illuminate/Pipeline/{closure}(Object(Illuminate/Http/Request))
#22 F:/My Projects/source-x-multi-tenant-agency-modern/source-x-multi-tenant-agency/vendor/laravel/framework/src/Illuminate/Pipeline/Pipeline.php(219): Illuminate/Auth/Middleware/Authenticate->handle(Object(Illuminate/Http/Request), Object(Closure))
#23 F:/My Projects/source-x-multi-tenant-agency-modern/source-x-multi-tenant-agency/vendor/laravel/framework/src/Illuminate/Foundation/Http/Middleware/VerifyCsrfToken.php(87): Illuminate/Pipeline/Pipeline->Illuminate/Pipeline/{closure}(Object(Illuminate/Http/Request))
#24 F:/My Projects/source-x-multi-tenant-agency-modern/source-x-multi-tenant-agency/vendor/laravel/framework/src/Illuminate/Pipeline/Pipeline.php(219): Illuminate/Foundation/Http/Middleware/VerifyCsrfToken->handle(Object(Illuminate/Http/Request), Object(Closure))
#25 F:/My Projects/source-x-multi-tenant-agency-modern/source-x-multi-tenant-agency/vendor/laravel/framework/src/Illuminate/View/Middleware/ShareErrorsFromSession.php(48): Illuminate/Pipeline/Pipeline->Illuminate/Pipeline/{closure}(Object(Illuminate/Http/Request))
#26 F:/My Projects/source-x-multi-tenant-agency-modern/source-x-multi-tenant-agency/vendor/laravel/framework/src/Illuminate/Pipeline/Pipeline.php(219): Illuminate/View/Middleware/ShareErrorsFromSession->handle(Object(Illuminate/Http/Request), Object(Closure))
#27 F:/My Projects/source-x-multi-tenant-agency-modern/source-x-multi-tenant-agency/vendor/laravel/framework/src/Illuminate/Session/Middleware/StartSession.php(120): Illuminate/Pipeline/Pipeline->Illuminate/Pipeline/{closure}(Object(Illuminate/Http/Request))
#28 F:/My Projects/source-x-multi-tenant-agency-modern/source-x-multi-tenant-agency/vendor/laravel/framework/src/Illuminate/Session/Middleware/StartSession.php(63): Illuminate/Session/Middleware/StartSession->handleStatefulRequest(Object(Illuminate/Http/Request), Object(Illuminate/Session/Store), Object(Closure))
#29 F:/My Projects/source-x-multi-tenant-agency-modern/source-x-multi-tenant-agency/vendor/laravel/framework/src/Illuminate/Pipeline/Pipeline.php(219): Illuminate/Session/Middleware/StartSession->handle(Object(Illuminate/Http/Request), Object(Closure))
#30 F:/My Projects/source-x-multi-tenant-agency-modern/source-x-multi-tenant-agency/vendor/laravel/framework/src/Illuminate/Cookie/Middleware/AddQueuedCookiesToResponse.php(36): Illuminate/Pipeline/Pipeline->Illuminate/Pipeline/{closure}(Object(Illuminate/Http/Request))
#31 F:/My Projects/source-x-multi-tenant-agency-modern/source-x-multi-tenant-agency/vendor/laravel/framework/src/Illuminate/Pipeline/Pipeline.php(219): Illuminate/Cookie/Middleware/AddQueuedCookiesToResponse->handle(Object(Illuminate/Http/Request), Object(Closure))
#32 F:/My Projects/source-x-multi-tenant-agency-modern/source-x-multi-tenant-agency/vendor/laravel/framework/src/Illuminate/Cookie/Middleware/EncryptCookies.php(74): Illuminate/Pipeline/Pipeline->Illuminate/Pipeline/{closure}(Object(Illuminate/Http/Request))
#33 F:/My Projects/source-x-multi-tenant-agency-modern/source-x-multi-tenant-agency/vendor/laravel/framework/src/Illuminate/Pipeline/Pipeline.php(219): Illuminate/Cookie/Middleware/EncryptCookies->handle(Object(Illuminate/Http/Request), Object(Closure))
#34 F:/My Projects/source-x-multi-tenant-agency-modern/source-x-multi-tenant-agency/vendor/laravel/framework/src/Illuminate/Pipeline/Pipeline.php(137): Illuminate/Pipeline/Pipeline->Illuminate/Pipeline/{closure}(Object(Illuminate/Http/Request))
#35 F:/My Projects/source-x-multi-tenant-agency-modern/source-x-multi-tenant-agency/vendor/laravel/framework/src/Illuminate/Routing/Router.php(821): Illuminate/Pipeline/Pipeline->then(Object(Closure))
#36 F:/My Projects/source-x-multi-tenant-agency-modern/source-x-multi-tenant-agency/vendor/laravel/framework/src/Illuminate/Routing/Router.php(800): Illuminate/Routing/Router->runRouteWithinStack(Object(Illuminate/Routing/Route), Object(Illuminate/Http/Request))
#37 F:/My Projects/source-x-multi-tenant-agency-modern/source-x-multi-tenant-agency/vendor/laravel/framework/src/Illuminate/Routing/Router.php(764): Illuminate/Routing/Router->runRoute(Object(Illuminate/Http/Request), Object(Illuminate/Routing/Route))
#38 F:/My Projects/source-x-multi-tenant-agency-modern/source-x-multi-tenant-agency/vendor/laravel/framework/src/Illuminate/Routing/Router.php(753): Illuminate/Routing/Router->dispatchToRoute(Object(Illuminate/Http/Request))
#39 F:/My Projects/source-x-multi-tenant-agency-modern/source-x-multi-tenant-agency/vendor/laravel/framework/src/Illuminate/Foundation/Http/Kernel.php(200): Illuminate/Routing/Router->dispatch(Object(Illuminate/Http/Request))
#40 F:/My Projects/source-x-multi-tenant-agency-modern/source-x-multi-tenant-agency/vendor/laravel/framework/src/Illuminate/Pipeline/Pipeline.php(180): Illuminate/Foundation/Http/Kernel->Illuminate/Foundation/Http/{closure}(Object(Illuminate/Http/Request))
#41 F:/My Projects/source-x-multi-tenant-agency-modern/source-x-multi-tenant-agency/vendor/laravel/framework/src/Illuminate/Foundation/Http/Middleware/TransformsRequest.php(21): Illuminate/Pipeline/Pipeline->Illuminate/Pipeline/{closure}(Object(Illuminate/Http/Request))
#42 F:/My Projects/source-x-multi-tenant-agency-modern/source-x-multi-tenant-agency/vendor/laravel/framework/src/Illuminate/Foundation/Http/Middleware/ConvertEmptyStringsToNull.php(31): Illuminate/Foundation/Http/Middleware/TransformsRequest->handle(Object(Illuminate/Http/Request), Object(Closure))
#43 F:/My Projects/source-x-multi-tenant-agency-modern/source-x-multi-tenant-agency/vendor/laravel/framework/src/Illuminate/Pipeline/Pipeline.php(219): Illuminate/Foundation/Http/Middleware/ConvertEmptyStringsToNull->handle(Object(Illuminate/Http/Request), Object(Closure))
#44 F:/My Projects/source-x-multi-tenant-agency-modern/source-x-multi-tenant-agency/vendor/laravel/framework/src/Illuminate/Foundation/Http/Middleware/TransformsRequest.php(21): Illuminate/Pipeline/Pipeline->Illuminate/Pipeline/{closure}(Object(Illuminate/Http/Request))
#45 F:/My Projects/source-x-multi-tenant-agency-modern/source-x-multi-tenant-agency/vendor/laravel/framework/src/Illuminate/Foundation/Http/Middleware/TrimStrings.php(51): Illuminate/Foundation/Http/Middleware/TransformsRequest->handle(Object(Illuminate/Http/Request), Object(Closure))
#46 F:/My Projects/source-x-multi-tenant-agency-modern/source-x-multi-tenant-agency/vendor/laravel/framework/src/Illuminate/Pipeline/Pipeline.php(219): Illuminate/Foundation/Http/Middleware/TrimStrings->handle(Object(Illuminate/Http/Request), Object(Closure))
#47 F:/My Projects/source-x-multi-tenant-agency-modern/source-x-multi-tenant-agency/vendor/laravel/framework/src/Illuminate/Http/Middleware/ValidatePostSize.php(27): Illuminate/Pipeline/Pipeline->Illuminate/Pipeline/{closure}(Object(Illuminate/Http/Request))
#48 F:/My Projects/source-x-multi-tenant-agency-modern/source-x-multi-tenant-agency/vendor/laravel/framework/src/Illuminate/Pipeline/Pipeline.php(219): Illuminate/Http/Middleware/ValidatePostSize->handle(Object(Illuminate/Http/Request), Object(Closure))
#49 F:/My Projects/source-x-multi-tenant-agency-modern/source-x-multi-tenant-agency/vendor/laravel/framework/src/Illuminate/Foundation/Http/Middleware/PreventRequestsDuringMaintenance.php(109): Illuminate/Pipeline/Pipeline->Illuminate/Pipeline/{closure}(Object(Illuminate/Http/Request))
#50 F:/My Projects/source-x-multi-tenant-agency-modern/source-x-multi-tenant-agency/vendor/laravel/framework/src/Illuminate/Pipeline/Pipeline.php(219): Illuminate/Foundation/Http/Middleware/PreventRequestsDuringMaintenance->handle(Object(Illuminate/Http/Request), Object(Closure))
#51 F:/My Projects/source-x-multi-tenant-agency-modern/source-x-multi-tenant-agency/vendor/laravel/framework/src/Illuminate/Http/Middleware/HandleCors.php(61): Illuminate/Pipeline/Pipeline->Illuminate/Pipeline/{closure}(Object(Illuminate/Http/Request))
#52 F:/My Projects/source-x-multi-tenant-agency-modern/source-x-multi-tenant-agency/vendor/laravel/framework/src/Illuminate/Pipeline/Pipeline.php(219): Illuminate/Http/Middleware/HandleCors->handle(Object(Illuminate/Http/Request), Object(Closure))
#53 F:/My Projects/source-x-multi-tenant-agency-modern/source-x-multi-tenant-agency/vendor/laravel/framework/src/Illuminate/Http/Middleware/TrustProxies.php(58): Illuminate/Pipeline/Pipeline->Illuminate/Pipeline/{closure}(Object(Illuminate/Http/Request))
#54 F:/My Projects/source-x-multi-tenant-agency-modern/source-x-multi-tenant-agency/vendor/laravel/framework/src/Illuminate/Pipeline/Pipeline.php(219): Illuminate/Http/Middleware/TrustProxies->handle(Object(Illuminate/Http/Request), Object(Closure))
#55 F:/My Projects/source-x-multi-tenant-agency-modern/source-x-multi-tenant-agency/vendor/laravel/framework/src/Illuminate/Foundation/Http/Middleware/InvokeDeferredCallbacks.php(22): Illuminate/Pipeline/Pipeline->Illuminate/Pipeline/{closure}(Object(Illuminate/Http/Request))
#56 F:/My Projects/source-x-multi-tenant-agency-modern/source-x-multi-tenant-agency/vendor/laravel/framework/src/Illuminate/Pipeline/Pipeline.php(219): Illuminate/Foundation/Http/Middleware/InvokeDeferredCallbacks->handle(Object(Illuminate/Http/Request), Object(Closure))
#57 F:/My Projects/source-x-multi-tenant-agency-modern/source-x-multi-tenant-agency/vendor/laravel/framework/src/Illuminate/Http/Middleware/ValidatePathEncoding.php(26): Illuminate/Pipeline/Pipeline->Illuminate/Pipeline/{closure}(Object(Illuminate/Http/Request))
#58 F:/My Projects/source-x-multi-tenant-agency-modern/source-x-multi-tenant-agency/vendor/laravel/framework/src/Illuminate/Pipeline/Pipeline.php(219): Illuminate/Http/Middleware/ValidatePathEncoding->handle(Object(Illuminate/Http/Request), Object(Closure))
#59 F:/My Projects/source-x-multi-tenant-agency-modern/source-x-multi-tenant-agency/vendor/laravel/framework/src/Illuminate/Pipeline/Pipeline.php(137): Illuminate/Pipeline/Pipeline->Illuminate/Pipeline/{closure}(Object(Illuminate/Http/Request))
#60 F:/My Projects/source-x-multi-tenant-agency-modern/source-x-multi-tenant-agency/vendor/laravel/framework/src/Illuminate/Foundation/Http/Kernel.php(175): Illuminate/Pipeline/Pipeline->then(Object(Closure))
#61 F:/My Projects/source-x-multi-tenant-agency-modern/source-x-multi-tenant-agency/vendor/laravel/framework/src/Illuminate/Foundation/Http/Kernel.php(144): Illuminate/Foundation/Http/Kernel->sendRequestThroughRouter(Object(Illuminate/Http/Request))
#62 F:/My Projects/source-x-multi-tenant-agency-modern/source-x-multi-tenant-agency/vendor/laravel/framework/src/Illuminate/Foundation/Testing/Concerns/MakesHttpRequests.php(607): Illuminate/Foundation/Http/Kernel->handle(Object(Illuminate/Http/Request))
#63 F:/My Projects/source-x-multi-tenant-agency-modern/source-x-multi-tenant-agency/vendor/laravel/framework/src/Illuminate/Foundation/Testing/Concerns/MakesHttpRequests.php(368): Illuminate/Foundation/Testing/TestCase->call('GET', '/projects', Array, Array, Array, Array)
#64 F:/My Projects/source-x-multi-tenant-agency-modern/source-x-multi-tenant-agency/tests/Feature/TenantIsolationTest.php(7): Illuminate/Foundation/Testing/TestCase->get('/projects')
#65 F:/My Projects/source-x-multi-tenant-agency-modern/source-x-multi-tenant-agency/vendor/phpunit/phpunit/src/Framework/TestCase.php(1667): Tests/Feature/TenantIsolationTest->test_client_only_sees_own_tenant_projects()
#66 F:/My Projects/source-x-multi-tenant-agency-modern/source-x-multi-tenant-agency/vendor/phpunit/phpunit/src/Framework/TestCase.php(519): PHPUnit/Framework/TestCase->runTest()
#67 F:/My Projects/source-x-multi-tenant-agency-modern/source-x-multi-tenant-agency/vendor/phpunit/phpunit/src/Framework/TestRunner/TestRunner.php(87): PHPUnit/Framework/TestCase->runBare()
#68 F:/My Projects/source-x-multi-tenant-agency-modern/source-x-multi-tenant-agency/vendor/phpunit/phpunit/src/Framework/TestCase.php(365): PHPUnit/Framework/TestRunner->run(Object(Tests/Feature/TenantIsolationTest))
#69 F:/My Projects/source-x-multi-tenant-agency-modern/source-x-multi-tenant-agency/vendor/phpunit/phpunit/src/Framework/TestSuite.php(369): PHPUnit/Framework/TestCase->run()
#70 F:/My Projects/source-x-multi-tenant-agency-modern/source-x-multi-tenant-agency/vendor/phpunit/phpunit/src/Framework/TestSuite.php(369): PHPUnit/Framework/TestSuite->run()
#71 F:/My Projects/source-x-multi-tenant-agency-modern/source-x-multi-tenant-agency/vendor/phpunit/phpunit/src/Framework/TestSuite.php(369): PHPUnit/Framework/TestSuite->run()
#72 F:/My Projects/source-x-multi-tenant-agency-modern/source-x-multi-tenant-agency/vendor/phpunit/phpunit/src/TextUI/TestRunner.php(64): PHPUnit/Framework/TestSuite->run()
#73 F:/My Projects/source-x-multi-tenant-agency-modern/source-x-multi-tenant-agency/vendor/phpunit/phpunit/src/TextUI/Application.php(211): PHPUnit/TextUI/TestRunner->run(Object(PHPUnit/TextUI/Configuration/Configuration), Object(PHPUnit/Runner/ResultCache/DefaultResultCache), Object(PHPUnit/Framework/TestSuite))
#74 F:/My Projects/source-x-multi-tenant-agency-modern/source-x-multi-tenant-agency/vendor/phpunit/phpunit/phpunit(104): PHPUnit/TextUI/Application->run(Array)
#75 {main}

[previous exception] [object] (Illuminate\\Foundation\\ViteManifestNotFoundException(code: 0): Vite manifest not found at: F:\\My Projects\\source-x-multi-tenant-agency-modern\\source-x-multi-tenant-agency\\public\\build/manifest.json at F:/My Projects/source-x-multi-tenant-agency-modern/source-x-multi-tenant-agency/vendor/laravel/framework/src/Illuminate/Foundation/Vite.php:946)
[stacktrace]
#0 F:/My Projects/source-x-multi-tenant-agency-modern/source-x-multi-tenant-agency/vendor/laravel/framework/src/Illuminate/Foundation/Vite.php(384): Illuminate/Foundation/Vite->manifest('build')
#1 F:/My Projects/source-x-multi-tenant-agency-modern/source-x-multi-tenant-agency/storage/framework/views/7f7a6a570ac0140c5d720f3192865006.php(1): Illuminate/Foundation/Vite->__invoke(Object(Illuminate/Support/Collection))
#2 F:/My Projects/source-x-multi-tenant-agency-modern/source-x-multi-tenant-agency/vendor/laravel/framework/src/Illuminate/Filesystem/Filesystem.php(123): require('F://My Projects//...')
#3 F:/My Projects/source-x-multi-tenant-agency-modern/source-x-multi-tenant-agency/vendor/laravel/framework/src/Illuminate/Filesystem/Filesystem.php(124): Illuminate/Filesystem/Filesystem::Illuminate/Filesystem/{closure}()
#4 F:/My Projects/source-x-multi-tenant-agency-modern/source-x-multi-tenant-agency/vendor/laravel/framework/src/Illuminate/View/Engines/PhpEngine.php(57): Illuminate/Filesystem/Filesystem->getRequire('F://My Projects//...', Array)
#5 F:/My Projects/source-x-multi-tenant-agency-modern/source-x-multi-tenant-agency/vendor/laravel/framework/src/Illuminate/View/Engines/CompilerEngine.php(76): Illuminate/View/Engines/PhpEngine->evaluatePath('F://My Projects//...', Array)
#6 F:/My Projects/source-x-multi-tenant-agency-modern/source-x-multi-tenant-agency/vendor/laravel/framework/src/Illuminate/View/View.php(208): Illuminate/View/Engines/CompilerEngine->get('F://My Projects//...', Array)
#7 F:/My Projects/source-x-multi-tenant-agency-modern/source-x-multi-tenant-agency/vendor/laravel/framework/src/Illuminate/View/View.php(191): Illuminate/View/View->getContents()
#8 F:/My Projects/source-x-multi-tenant-agency-modern/source-x-multi-tenant-agency/vendor/laravel/framework/src/Illuminate/View/View.php(160): Illuminate/View/View->renderContents()
#9 F:/My Projects/source-x-multi-tenant-agency-modern/source-x-multi-tenant-agency/vendor/laravel/framework/src/Illuminate/Http/Response.php(78): Illuminate/View/View->render()
#10 F:/My Projects/source-x-multi-tenant-agency-modern/source-x-multi-tenant-agency/vendor/laravel/framework/src/Illuminate/Http/Response.php(34): Illuminate/Http/Response->setContent(Object(Illuminate/View/View))
#11 F:/My Projects/source-x-multi-tenant-agency-modern/source-x-multi-tenant-agency/vendor/laravel/framework/src/Illuminate/Routing/ResponseFactory.php(61): Illuminate/Http/Response->__construct(Object(Illuminate/View/View), 200, Array)
#12 F:/My Projects/source-x-multi-tenant-agency-modern/source-x-multi-tenant-agency/vendor/laravel/framework/src/Illuminate/Routing/ResponseFactory.php(91): Illuminate/Routing/ResponseFactory->make(Object(Illuminate/View/View), 200, Array)
#13 F:/My Projects/source-x-multi-tenant-agency-modern/source-x-multi-tenant-agency/vendor/laravel/framework/src/Illuminate/Support/Facades/Facade.php(363): Illuminate/Routing/ResponseFactory->view('app', Array)
#14 F:/My Projects/source-x-multi-tenant-agency-modern/source-x-multi-tenant-agency/vendor/inertiajs/inertia-laravel/src/Response.php(219): Illuminate/Support/Facades/Facade::__callStatic('view', Array)
#15 F:/My Projects/source-x-multi-tenant-agency-modern/source-x-multi-tenant-agency/vendor/laravel/framework/src/Illuminate/Routing/Router.php(921): Inertia/Response->toResponse(Object(Illuminate/Http/Request))
#16 F:/My Projects/source-x-multi-tenant-agency-modern/source-x-multi-tenant-agency/vendor/laravel/framework/src/Illuminate/Routing/Router.php(906): Illuminate/Routing/Router::toResponse(Object(Illuminate/Http/Request), Object(Inertia/Response))
#17 F:/My Projects/source-x-multi-tenant-agency-modern/source-x-multi-tenant-agency/vendor/laravel/framework/src/Illuminate/Routing/Router.php(821): Illuminate/Routing/Router->prepareResponse(Object(Illuminate/Http/Request), Object(Inertia/Response))
#18 F:/My Projects/source-x-multi-tenant-agency-modern/source-x-multi-tenant-agency/vendor/laravel/framework/src/Illuminate/Pipeline/Pipeline.php(180): Illuminate/Routing/Router->Illuminate/Routing/{closure}(Object(Illuminate/Http/Request))
#19 F:/My Projects/source-x-multi-tenant-agency-modern/source-x-multi-tenant-agency/app/Http/Middleware/SetTenantContext.php(20): Illuminate/Pipeline/Pipeline->Illuminate/Pipeline/{closure}(Object(Illuminate/Http/Request))
#20 F:/My Projects/source-x-multi-tenant-agency-modern/source-x-multi-tenant-agency/vendor/laravel/framework/src/Illuminate/Pipeline/Pipeline.php(219): App/Http/Middleware/SetTenantContext->handle(Object(Illuminate/Http/Request), Object(Closure))
#21 F:/My Projects/source-x-multi-tenant-agency-modern/source-x-multi-tenant-agency/vendor/inertiajs/inertia-laravel/src/Middleware.php(122): Illuminate/Pipeline/Pipeline->Illuminate/Pipeline/{closure}(Object(Illuminate/Http/Request))
#22 F:/My Projects/source-x-multi-tenant-agency-modern/source-x-multi-tenant-agency/vendor/laravel/framework/src/Illuminate/Pipeline/Pipeline.php(219): Inertia/Middleware->handle(Object(Illuminate/Http/Request), Object(Closure))
#23 F:/My Projects/source-x-multi-tenant-agency-modern/source-x-multi-tenant-agency/vendor/laravel/framework/src/Illuminate/Routing/Middleware/SubstituteBindings.php(50): Illuminate/Pipeline/Pipeline->Illuminate/Pipeline/{closure}(Object(Illuminate/Http/Request))
#24 F:/My Projects/source-x-multi-tenant-agency-modern/source-x-multi-tenant-agency/vendor/laravel/framework/src/Illuminate/Pipeline/Pipeline.php(219): Illuminate/Routing/Middleware/SubstituteBindings->handle(Object(Illuminate/Http/Request), Object(Closure))
#25 F:/My Projects/source-x-multi-tenant-agency-modern/source-x-multi-tenant-agency/vendor/laravel/framework/src/Illuminate/Auth/Middleware/Authenticate.php(63): Illuminate/Pipeline/Pipeline->Illuminate/Pipeline/{closure}(Object(Illuminate/Http/Request))
#26 F:/My Projects/source-x-multi-tenant-agency-modern/source-x-multi-tenant-agency/vendor/laravel/framework/src/Illuminate/Pipeline/Pipeline.php(219): Illuminate/Auth/Middleware/Authenticate->handle(Object(Illuminate/Http/Request), Object(Closure))
#27 F:/My Projects/source-x-multi-tenant-agency-modern/source-x-multi-tenant-agency/vendor/laravel/framework/src/Illuminate/Foundation/Http/Middleware/VerifyCsrfToken.php(87): Illuminate/Pipeline/Pipeline->Illuminate/Pipeline/{closure}(Object(Illuminate/Http/Request))
#28 F:/My Projects/source-x-multi-tenant-agency-modern/source-x-multi-tenant-agency/vendor/laravel/framework/src/Illuminate/Pipeline/Pipeline.php(219): Illuminate/Foundation/Http/Middleware/VerifyCsrfToken->handle(Object(Illuminate/Http/Request), Object(Closure))
#29 F:/My Projects/source-x-multi-tenant-agency-modern/source-x-multi-tenant-agency/vendor/laravel/framework/src/Illuminate/View/Middleware/ShareErrorsFromSession.php(48): Illuminate/Pipeline/Pipeline->Illuminate/Pipeline/{closure}(Object(Illuminate/Http/Request))
#30 F:/My Projects/source-x-multi-tenant-agency-modern/source-x-multi-tenant-agency/vendor/laravel/framework/src/Illuminate/Pipeline/Pipeline.php(219): Illuminate/View/Middleware/ShareErrorsFromSession->handle(Object(Illuminate/Http/Request), Object(Closure))
#31 F:/My Projects/source-x-multi-tenant-agency-modern/source-x-multi-tenant-agency/vendor/laravel/framework/src/Illuminate/Session/Middleware/StartSession.php(120): Illuminate/Pipeline/Pipeline->Illuminate/Pipeline/{closure}(Object(Illuminate/Http/Request))
#32 F:/My Projects/source-x-multi-tenant-agency-modern/source-x-multi-tenant-agency/vendor/laravel/framework/src/Illuminate/Session/Middleware/StartSession.php(63): Illuminate/Session/Middleware/StartSession->handleStatefulRequest(Object(Illuminate/Http/Request), Object(Illuminate/Session/Store), Object(Closure))
#33 F:/My Projects/source-x-multi-tenant-agency-modern/source-x-multi-tenant-agency/vendor/laravel/framework/src/Illuminate/Pipeline/Pipeline.php(219): Illuminate/Session/Middleware/StartSession->handle(Object(Illuminate/Http/Request), Object(Closure))
#34 F:/My Projects/source-x-multi-tenant-agency-modern/source-x-multi-tenant-agency/vendor/laravel/framework/src/Illuminate/Cookie/Middleware/AddQueuedCookiesToResponse.php(36): Illuminate/Pipeline/Pipeline->Illuminate/Pipeline/{closure}(Object(Illuminate/Http/Request))
#35 F:/My Projects/source-x-multi-tenant-agency-modern/source-x-multi-tenant-agency/vendor/laravel/framework/src/Illuminate/Pipeline/Pipeline.php(219): Illuminate/Cookie/Middleware/AddQueuedCookiesToResponse->handle(Object(Illuminate/Http/Request), Object(Closure))
#36 F:/My Projects/source-x-multi-tenant-agency-modern/source-x-multi-tenant-agency/vendor/laravel/framework/src/Illuminate/Cookie/Middleware/EncryptCookies.php(74): Illuminate/Pipeline/Pipeline->Illuminate/Pipeline/{closure}(Object(Illuminate/Http/Request))
#37 F:/My Projects/source-x-multi-tenant-agency-modern/source-x-multi-tenant-agency/vendor/laravel/framework/src/Illuminate/Pipeline/Pipeline.php(219): Illuminate/Cookie/Middleware/EncryptCookies->handle(Object(Illuminate/Http/Request), Object(Closure))
#38 F:/My Projects/source-x-multi-tenant-agency-modern/source-x-multi-tenant-agency/vendor/laravel/framework/src/Illuminate/Pipeline/Pipeline.php(137): Illuminate/Pipeline/Pipeline->Illuminate/Pipeline/{closure}(Object(Illuminate/Http/Request))
#39 F:/My Projects/source-x-multi-tenant-agency-modern/source-x-multi-tenant-agency/vendor/laravel/framework/src/Illuminate/Routing/Router.php(821): Illuminate/Pipeline/Pipeline->then(Object(Closure))
#40 F:/My Projects/source-x-multi-tenant-agency-modern/source-x-multi-tenant-agency/vendor/laravel/framework/src/Illuminate/Routing/Router.php(800): Illuminate/Routing/Router->runRouteWithinStack(Object(Illuminate/Routing/Route), Object(Illuminate/Http/Request))
#41 F:/My Projects/source-x-multi-tenant-agency-modern/source-x-multi-tenant-agency/vendor/laravel/framework/src/Illuminate/Routing/Router.php(764): Illuminate/Routing/Router->runRoute(Object(Illuminate/Http/Request), Object(Illuminate/Routing/Route))
#42 F:/My Projects/source-x-multi-tenant-agency-modern/source-x-multi-tenant-agency/vendor/laravel/framework/src/Illuminate/Routing/Router.php(753): Illuminate/Routing/Router->dispatchToRoute(Object(Illuminate/Http/Request))
#43 F:/My Projects/source-x-multi-tenant-agency-modern/source-x-multi-tenant-agency/vendor/laravel/framework/src/Illuminate/Foundation/Http/Kernel.php(200): Illuminate/Routing/Router->dispatch(Object(Illuminate/Http/Request))
#44 F:/My Projects/source-x-multi-tenant-agency-modern/source-x-multi-tenant-agency/vendor/laravel/framework/src/Illuminate/Pipeline/Pipeline.php(180): Illuminate/Foundation/Http/Kernel->Illuminate/Foundation/Http/{closure}(Object(Illuminate/Http/Request))
#45 F:/My Projects/source-x-multi-tenant-agency-modern/source-x-multi-tenant-agency/vendor/laravel/framework/src/Illuminate/Foundation/Http/Middleware/TransformsRequest.php(21): Illuminate/Pipeline/Pipeline->Illuminate/Pipeline/{closure}(Object(Illuminate/Http/Request))
#46 F:/My Projects/source-x-multi-tenant-agency-modern/source-x-multi-tenant-agency/vendor/laravel/framework/src/Illuminate/Foundation/Http/Middleware/ConvertEmptyStringsToNull.php(31): Illuminate/Foundation/Http/Middleware/TransformsRequest->handle(Object(Illuminate/Http/Request), Object(Closure))
#47 F:/My Projects/source-x-multi-tenant-agency-modern/source-x-multi-tenant-agency/vendor/laravel/framework/src/Illuminate/Pipeline/Pipeline.php(219): Illuminate/Foundation/Http/Middleware/ConvertEmptyStringsToNull->handle(Object(Illuminate/Http/Request), Object(Closure))
#48 F:/My Projects/source-x-multi-tenant-agency-modern/source-x-multi-tenant-agency/vendor/laravel/framework/src/Illuminate/Foundation/Http/Middleware/TransformsRequest.php(21): Illuminate/Pipeline/Pipeline->Illuminate/Pipeline/{closure}(Object(Illuminate/Http/Request))
#49 F:/My Projects/source-x-multi-tenant-agency-modern/source-x-multi-tenant-agency/vendor/laravel/framework/src/Illuminate/Foundation/Http/Middleware/TrimStrings.php(51): Illuminate/Foundation/Http/Middleware/TransformsRequest->handle(Object(Illuminate/Http/Request), Object(Closure))
#50 F:/My Projects/source-x-multi-tenant-agency-modern/source-x-multi-tenant-agency/vendor/laravel/framework/src/Illuminate/Pipeline/Pipeline.php(219): Illuminate/Foundation/Http/Middleware/TrimStrings->handle(Object(Illuminate/Http/Request), Object(Closure))
#51 F:/My Projects/source-x-multi-tenant-agency-modern/source-x-multi-tenant-agency/vendor/laravel/framework/src/Illuminate/Http/Middleware/ValidatePostSize.php(27): Illuminate/Pipeline/Pipeline->Illuminate/Pipeline/{closure}(Object(Illuminate/Http/Request))
#52 F:/My Projects/source-x-multi-tenant-agency-modern/source-x-multi-tenant-agency/vendor/laravel/framework/src/Illuminate/Pipeline/Pipeline.php(219): Illuminate/Http/Middleware/ValidatePostSize->handle(Object(Illuminate/Http/Request), Object(Closure))
#53 F:/My Projects/source-x-multi-tenant-agency-modern/source-x-multi-tenant-agency/vendor/laravel/framework/src/Illuminate/Foundation/Http/Middleware/PreventRequestsDuringMaintenance.php(109): Illuminate/Pipeline/Pipeline->Illuminate/Pipeline/{closure}(Object(Illuminate/Http/Request))
#54 F:/My Projects/source-x-multi-tenant-agency-modern/source-x-multi-tenant-agency/vendor/laravel/framework/src/Illuminate/Pipeline/Pipeline.php(219): Illuminate/Foundation/Http/Middleware/PreventRequestsDuringMaintenance->handle(Object(Illuminate/Http/Request), Object(Closure))
#55 F:/My Projects/source-x-multi-tenant-agency-modern/source-x-multi-tenant-agency/vendor/laravel/framework/src/Illuminate/Http/Middleware/HandleCors.php(61): Illuminate/Pipeline/Pipeline->Illuminate/Pipeline/{closure}(Object(Illuminate/Http/Request))
#56 F:/My Projects/source-x-multi-tenant-agency-modern/source-x-multi-tenant-agency/vendor/laravel/framework/src/Illuminate/Pipeline/Pipeline.php(219): Illuminate/Http/Middleware/HandleCors->handle(Object(Illuminate/Http/Request), Object(Closure))
#57 F:/My Projects/source-x-multi-tenant-agency-modern/source-x-multi-tenant-agency/vendor/laravel/framework/src/Illuminate/Http/Middleware/TrustProxies.php(58): Illuminate/Pipeline/Pipeline->Illuminate/Pipeline/{closure}(Object(Illuminate/Http/Request))
#58 F:/My Projects/source-x-multi-tenant-agency-modern/source-x-multi-tenant-agency/vendor/laravel/framework/src/Illuminate/Pipeline/Pipeline.php(219): Illuminate/Http/Middleware/TrustProxies->handle(Object(Illuminate/Http/Request), Object(Closure))
#59 F:/My Projects/source-x-multi-tenant-agency-modern/source-x-multi-tenant-agency/vendor/laravel/framework/src/Illuminate/Foundation/Http/Middleware/InvokeDeferredCallbacks.php(22): Illuminate/Pipeline/Pipeline->Illuminate/Pipeline/{closure}(Object(Illuminate/Http/Request))
#60 F:/My Projects/source-x-multi-tenant-agency-modern/source-x-multi-tenant-agency/vendor/laravel/framework/src/Illuminate/Pipeline/Pipeline.php(219): Illuminate/Foundation/Http/Middleware/InvokeDeferredCallbacks->handle(Object(Illuminate/Http/Request), Object(Closure))
#61 F:/My Projects/source-x-multi-tenant-agency-modern/source-x-multi-tenant-agency/vendor/laravel/framework/src/Illuminate/Http/Middleware/ValidatePathEncoding.php(26): Illuminate/Pipeline/Pipeline->Illuminate/Pipeline/{closure}(Object(Illuminate/Http/Request))
#62 F:/My Projects/source-x-multi-tenant-agency-modern/source-x-multi-tenant-agency/vendor/laravel/framework/src/Illuminate/Pipeline/Pipeline.php(219): Illuminate/Http/Middleware/ValidatePathEncoding->handle(Object(Illuminate/Http/Request), Object(Closure))
#63 F:/My Projects/source-x-multi-tenant-agency-modern/source-x-multi-tenant-agency/vendor/laravel/framework/src/Illuminate/Pipeline/Pipeline.php(137): Illuminate/Pipeline/Pipeline->Illuminate/Pipeline/{closure}(Object(Illuminate/Http/Request))
#64 F:/My Projects/source-x-multi-tenant-agency-modern/source-x-multi-tenant-agency/vendor/laravel/framework/src/Illuminate/Foundation/Http/Kernel.php(175): Illuminate/Pipeline/Pipeline->then(Object(Closure))
#65 F:/My Projects/source-x-multi-tenant-agency-modern/source-x-multi-tenant-agency/vendor/laravel/framework/src/Illuminate/Foundation/Http/Kernel.php(144): Illuminate/Foundation/Http/Kernel->sendRequestThroughRouter(Object(Illuminate/Http/Request))
#66 F:/My Projects/source-x-multi-tenant-agency-modern/source-x-multi-tenant-agency/vendor/laravel/framework/src/Illuminate/Foundation/Testing/Concerns/MakesHttpRequests.php(607): Illuminate/Foundation/Http/Kernel->handle(Object(Illuminate/Http/Request))
#67 F:/My Projects/source-x-multi-tenant-agency-modern/source-x-multi-tenant-agency/vendor/laravel/framework/src/Illuminate/Foundation/Testing/Concerns/MakesHttpRequests.php(368): Illuminate/Foundation/Testing/TestCase->call('GET', '/projects', Array, Array, Array, Array)
#68 F:/My Projects/source-x-multi-tenant-agency-modern/source-x-multi-tenant-agency/tests/Feature/TenantIsolationTest.php(7): Illuminate/Foundation/Testing/TestCase->get('/projects')
#69 F:/My Projects/source-x-multi-tenant-agency-modern/source-x-multi-tenant-agency/vendor/phpunit/phpunit/src/Framework/TestCase.php(1667): Tests/Feature/TenantIsolationTest->test_client_only_sees_own_tenant_projects()
#70 F:/My Projects/source-x-multi-tenant-agency-modern/source-x-multi-tenant-agency/vendor/phpunit/phpunit/src/Framework/TestCase.php(519): PHPUnit/Framework/TestCase->runTest()
#71 F:/My Projects/source-x-multi-tenant-agency-modern/source-x-multi-tenant-agency/vendor/phpunit/phpunit/src/Framework/TestRunner/TestRunner.php(87): PHPUnit/Framework/TestCase->runBare()
#72 F:/My Projects/source-x-multi-tenant-agency-modern/source-x-multi-tenant-agency/vendor/phpunit/phpunit/src/Framework/TestCase.php(365): PHPUnit/Framework/TestRunner->run(Object(Tests/Feature/TenantIsolationTest))
#73 F:/My Projects/source-x-multi-tenant-agency-modern/source-x-multi-tenant-agency/vendor/phpunit/phpunit/src/Framework/TestSuite.php(369): PHPUnit/Framework/TestCase->run()
#74 F:/My Projects/source-x-multi-tenant-agency-modern/source-x-multi-tenant-agency/vendor/phpunit/phpunit/src/Framework/TestSuite.php(369): PHPUnit/Framework/TestSuite->run()
#75 F:/My Projects/source-x-multi-tenant-agency-modern/source-x-multi-tenant-agency/vendor/phpunit/phpunit/src/Framework/TestSuite.php(369): PHPUnit/Framework/TestSuite->run()
#76 F:/My Projects/source-x-multi-tenant-agency-modern/source-x-multi-tenant-agency/vendor/phpunit/phpunit/src/TextUI/TestRunner.php(64): PHPUnit/Framework/TestSuite->run()
#77 F:/My Projects/source-x-multi-tenant-agency-modern/source-x-multi-tenant-agency/vendor/phpunit/phpunit/src/TextUI/Application.php(211): PHPUnit/TextUI/TestRunner->run(Object(PHPUnit/TextUI/Configuration/Configuration), Object(PHPUnit/Runner/ResultCache/DefaultResultCache), Object(PHPUnit/Framework/TestSuite))
#78 F:/My Projects/source-x-multi-tenant-agency-modern/source-x-multi-tenant-agency/vendor/phpunit/phpunit/phpunit(104): PHPUnit/TextUI/Application->run(Array)
#79 {main}
"} 
[2026-09-21 22:22:41] local.ERROR: Database file at path [database/database.sqlite] does not exist. Ensure this is an absolute path to the database. (Connection: sqlite, Database: database/database.sqlite, SQL: select exists (select 1 from "main".sqlite_master where name = 'migrations' and type = 'table') as "exists") {"exception":"[object] (Illuminate\\Database\\QueryException(code: 0): Database file at path [database/database.sqlite] does not exist. Ensure this is an absolute path to the database. (Connection: sqlite, Database: database/database.sqlite, SQL: select exists (select 1 from \"main\".sqlite_master where name = 'migrations' and type = 'table') as \"exists\") at F:/My Projects/source-x-multi-tenant-agency-modern/source-x-multi-tenant-agency/vendor/laravel/framework/src/Illuminate/Database/Connection.php:838)
[stacktrace]
#0 F:/My Projects/source-x-multi-tenant-agency-modern/source-x-multi-tenant-agency/vendor/laravel/framework/src/Illuminate/Database/Connection.php(794): Illuminate/Database/Connection->runQueryCallback('select exists (...', Array, Object(Closure))
#1 F:/My Projects/source-x-multi-tenant-agency-modern/source-x-multi-tenant-agency/vendor/laravel/framework/src/Illuminate/Database/Connection.php(411): Illuminate/Database/Connection->run('select exists (...', Array, Object(Closure))
#2 F:/My Projects/source-x-multi-tenant-agency-modern/source-x-multi-tenant-agency/vendor/laravel/framework/src/Illuminate/Database/Connection.php(357): Illuminate/Database/Connection->select('select exists (...', Array, true)
#3 F:/My Projects/source-x-multi-tenant-agency-modern/source-x-multi-tenant-agency/vendor/laravel/framework/src/Illuminate/Database/Connection.php(374): Illuminate/Database/Connection->selectOne('select exists (...', Array, true)
#4 F:/My Projects/source-x-multi-tenant-agency-modern/source-x-multi-tenant-agency/vendor/laravel/framework/src/Illuminate/Database/Schema/Builder.php(176): Illuminate/Database/Connection->scalar('select exists (...')
#5 F:/My Projects/source-x-multi-tenant-agency-modern/source-x-multi-tenant-agency/vendor/laravel/framework/src/Illuminate/Database/Migrations/DatabaseMigrationRepository.php(185): Illuminate/Database/Schema/Builder->hasTable('migrations')
#6 F:/My Projects/source-x-multi-tenant-agency-modern/source-x-multi-tenant-agency/vendor/laravel/framework/src/Illuminate/Database/Migrations/Migrator.php(758): Illuminate/Database/Migrations/DatabaseMigrationRepository->repositoryExists()
#7 F:/My Projects/source-x-multi-tenant-agency-modern/source-x-multi-tenant-agency/vendor/laravel/framework/src/Illuminate/Database/Console/Migrations/StatusCommand.php(55): Illuminate/Database/Migrations/Migrator->repositoryExists()
#8 F:/My Projects/source-x-multi-tenant-agency-modern/source-x-multi-tenant-agency/vendor/laravel/framework/src/Illuminate/Database/Migrations/Migrator.php(671): Illuminate/Database/Console/Migrations/StatusCommand->Illuminate/Database/Console/Migrations/{closure}()
#9 F:/My Projects/source-x-multi-tenant-agency-modern/source-x-multi-tenant-agency/vendor/laravel/framework/src/Illuminate/Database/Console/Migrations/StatusCommand.php(54): Illuminate/Database/Migrations/Migrator->usingConnection(NULL, Object(Closure))
#10 F:/My Projects/source-x-multi-tenant-agency-modern/source-x-multi-tenant-agency/vendor/laravel/framework/src/Illuminate/Container/BoundMethod.php(36): Illuminate/Database/Console/Migrations/StatusCommand->handle()
#11 F:/My Projects/source-x-multi-tenant-agency-modern/source-x-multi-tenant-agency/vendor/laravel/framework/src/Illuminate/Container/Util.php(43): Illuminate/Container/BoundMethod::Illuminate/Container/{closure}()
#12 F:/My Projects/source-x-multi-tenant-agency-modern/source-x-multi-tenant-agency/vendor/laravel/framework/src/Illuminate/Container/BoundMethod.php(96): Illuminate/Container/Util::unwrapIfClosure(Object(Closure))
#13 F:/My Projects/source-x-multi-tenant-agency-modern/source-x-multi-tenant-agency/vendor/laravel/framework/src/Illuminate/Container/BoundMethod.php(35): Illuminate/Container/BoundMethod::callBoundMethod(Object(Illuminate/Foundation/Application), Array, Object(Closure))
#14 F:/My Projects/source-x-multi-tenant-agency-modern/source-x-multi-tenant-agency/vendor/laravel/framework/src/Illuminate/Container/Container.php(799): Illuminate/Container/BoundMethod::call(Object(Illuminate/Foundation/Application), Array, Array, NULL)
#15 F:/My Projects/source-x-multi-tenant-agency-modern/source-x-multi-tenant-agency/vendor/laravel/framework/src/Illuminate/Console/Command.php(211): Illuminate/Container/Container->call(Array)
#16 F:/My Projects/source-x-multi-tenant-agency-modern/source-x-multi-tenant-agency/vendor/symfony/console/Command/Command.php(341): Illuminate/Console/Command->execute(Object(Symfony/Component/Console/Input/ArgvInput), Object(Illuminate/Console/OutputStyle))
#17 F:/My Projects/source-x-multi-tenant-agency-modern/source-x-multi-tenant-agency/vendor/laravel/framework/src/Illuminate/Console/Command.php(180): Symfony/Component/Console/Command/Command->run(Object(Symfony/Component/Console/Input/ArgvInput), Object(Illuminate/Console/OutputStyle))
#18 F:/My Projects/source-x-multi-tenant-agency-modern/source-x-multi-tenant-agency/vendor/symfony/console/Application.php(1117): Illuminate/Console/Command->run(Object(Symfony/Component/Console/Input/ArgvInput), Object(Symfony/Component/Console/Output/ConsoleOutput))
#19 F:/My Projects/source-x-multi-tenant-agency-modern/source-x-multi-tenant-agency/vendor/symfony/console/Application.php(356): Symfony/Component/Console/Application->doRunCommand(Object(Illuminate/Database/Console/Migrations/StatusCommand), Object(Symfony/Component/Console/Input/ArgvInput), Object(Symfony/Component/Console/Output/ConsoleOutput))
#20 F:/My Projects/source-x-multi-tenant-agency-modern/source-x-multi-tenant-agency/vendor/symfony/console/Application.php(195): Symfony/Component/Console/Application->doRun(Object(Symfony/Component/Console/Input/ArgvInput), Object(Symfony/Component/Console/Output/ConsoleOutput))
#21 F:/My Projects/source-x-multi-tenant-agency-modern/source-x-multi-tenant-agency/vendor/laravel/framework/src/Illuminate/Foundation/Console/Kernel.php(198): Symfony/Component/Console/Application->run(Object(Symfony/Component/Console/Input/ArgvInput), Object(Symfony/Component/Console/Output/ConsoleOutput))
#22 F:/My Projects/source-x-multi-tenant-agency-modern/source-x-multi-tenant-agency/vendor/laravel/framework/src/Illuminate/Foundation/Application.php(1235): Illuminate/Foundation/Console/Kernel->handle(Object(Symfony/Component/Console/Input/ArgvInput), Object(Symfony/Component/Console/Output/ConsoleOutput))
#23 F:/My Projects/source-x-multi-tenant-agency-modern/source-x-multi-tenant-agency/artisan(7): Illuminate/Foundation/Application->handleCommand(Object(Symfony/Component/Console/Input/ArgvInput))
#24 {main}

[previous exception] [object] (Illuminate\\Database\\SQLiteDatabaseDoesNotExistException(code: 0): Database file at path [database/database.sqlite] does not exist. Ensure this is an absolute path to the database. at F:/My Projects/source-x-multi-tenant-agency-modern/source-x-multi-tenant-agency/vendor/laravel/framework/src/Illuminate/Database/Connectors/SQLiteConnector.php:60)
[stacktrace]
#0 F:/My Projects/source-x-multi-tenant-agency-modern/source-x-multi-tenant-agency/vendor/laravel/framework/src/Illuminate/Database/Connectors/SQLiteConnector.php(19): Illuminate/Database/Connectors/SQLiteConnector->parseDatabasePath(false)
#1 F:/My Projects/source-x-multi-tenant-agency-modern/source-x-multi-tenant-agency/vendor/laravel/framework/src/Illuminate/Database/Connectors/ConnectionFactory.php(225): Illuminate/Database/Connectors/SQLiteConnector->connect(Array)
#2 [internal function]: Illuminate/Database/Connectors/ConnectionFactory->Illuminate/Database/Connectors/{closure}()
#3 F:/My Projects/source-x-multi-tenant-agency-modern/source-x-multi-tenant-agency/vendor/laravel/framework/src/Illuminate/Database/Connection.php(1257): call_user_func(Object(Closure))
#4 F:/My Projects/source-x-multi-tenant-agency-modern/source-x-multi-tenant-agency/vendor/laravel/framework/src/Illuminate/Database/Connection.php(1295): Illuminate/Database/Connection->getPdo()
#5 F:/My Projects/source-x-multi-tenant-agency-modern/source-x-multi-tenant-agency/vendor/laravel/framework/src/Illuminate/Database/Connection.php(525): Illuminate/Database/Connection->getReadPdo()
#6 F:/My Projects/source-x-multi-tenant-agency-modern/source-x-multi-tenant-agency/vendor/laravel/framework/src/Illuminate/Database/Connection.php(420): Illuminate/Database/Connection->getPdoForSelect(true)
#7 F:/My Projects/source-x-multi-tenant-agency-modern/source-x-multi-tenant-agency/vendor/laravel/framework/src/Illuminate/Database/Connection.php(827): Illuminate/Database/Connection->Illuminate/Database/{closure}('select exists (...', Array)
#8 F:/My Projects/source-x-multi-tenant-agency-modern/source-x-multi-tenant-agency/vendor/laravel/framework/src/Illuminate/Database/Connection.php(794): Illuminate/Database/Connection->runQueryCallback('select exists (...', Array, Object(Closure))
#9 F:/My Projects/source-x-multi-tenant-agency-modern/source-x-multi-tenant-agency/vendor/laravel/framework/src/Illuminate/Database/Connection.php(411): Illuminate/Database/Connection->run('select exists (...', Array, Object(Closure))
#10 F:/My Projects/source-x-multi-tenant-agency-modern/source-x-multi-tenant-agency/vendor/laravel/framework/src/Illuminate/Database/Connection.php(357): Illuminate/Database/Connection->select('select exists (...', Array, true)
#11 F:/My Projects/source-x-multi-tenant-agency-modern/source-x-multi-tenant-agency/vendor/laravel/framework/src/Illuminate/Database/Connection.php(374): Illuminate/Database/Connection->selectOne('select exists (...', Array, true)
#12 F:/My Projects/source-x-multi-tenant-agency-modern/source-x-multi-tenant-agency/vendor/laravel/framework/src/Illuminate/Database/Schema/Builder.php(176): Illuminate/Database/Connection->scalar('select exists (...')
#13 F:/My Projects/source-x-multi-tenant-agency-modern/source-x-multi-tenant-agency/vendor/laravel/framework/src/Illuminate/Database/Migrations/DatabaseMigrationRepository.php(185): Illuminate/Database/Schema/Builder->hasTable('migrations')
#14 F:/My Projects/source-x-multi-tenant-agency-modern/source-x-multi-tenant-agency/vendor/laravel/framework/src/Illuminate/Database/Migrations/Migrator.php(758): Illuminate/Database/Migrations/DatabaseMigrationRepository->repositoryExists()
#15 F:/My Projects/source-x-multi-tenant-agency-modern/source-x-multi-tenant-agency/vendor/laravel/framework/src/Illuminate/Database/Console/Migrations/StatusCommand.php(55): Illuminate/Database/Migrations/Migrator->repositoryExists()
#16 F:/My Projects/source-x-multi-tenant-agency-modern/source-x-multi-tenant-agency/vendor/laravel/framework/src/Illuminate/Database/Migrations/Migrator.php(671): Illuminate/Database/Console/Migrations/StatusCommand->Illuminate/Database/Console/Migrations/{closure}()
#17 F:/My Projects/source-x-multi-tenant-agency-modern/source-x-multi-tenant-agency/vendor/laravel/framework/src/Illuminate/Database/Console/Migrations/StatusCommand.php(54): Illuminate/Database/Migrations/Migrator->usingConnection(NULL, Object(Closure))
#18 F:/My Projects/source-x-multi-tenant-agency-modern/source-x-multi-tenant-agency/vendor/laravel/framework/src/Illuminate/Container/BoundMethod.php(36): Illuminate/Database/Console/Migrations/StatusCommand->handle()
#19 F:/My Projects/source-x-multi-tenant-agency-modern/source-x-multi-tenant-agency/vendor/laravel/framework/src/Illuminate/Container/Util.php(43): Illuminate/Container/BoundMethod::Illuminate/Container/{closure}()
#20 F:/My Projects/source-x-multi-tenant-agency-modern/source-x-multi-tenant-agency/vendor/laravel/framework/src/Illuminate/Container/BoundMethod.php(96): Illuminate/Container/Util::unwrapIfClosure(Object(Closure))
#21 F:/My Projects/source-x-multi-tenant-agency-modern/source-x-multi-tenant-agency/vendor/laravel/framework/src/Illuminate/Container/BoundMethod.php(35): Illuminate/Container/BoundMethod::callBoundMethod(Object(Illuminate/Foundation/Application), Array, Object(Closure))
#22 F:/My Projects/source-x-multi-tenant-agency-modern/source-x-multi-tenant-agency/vendor/laravel/framework/src/Illuminate/Container/Container.php(799): Illuminate/Container/BoundMethod::call(Object(Illuminate/Foundation/Application), Array, Array, NULL)
#23 F:/My Projects/source-x-multi-tenant-agency-modern/source-x-multi-tenant-agency/vendor/laravel/framework/src/Illuminate/Console/Command.php(211): Illuminate/Container/Container->call(Array)
#24 F:/My Projects/source-x-multi-tenant-agency-modern/source-x-multi-tenant-agency/vendor/symfony/console/Command/Command.php(341): Illuminate/Console/Command->execute(Object(Symfony/Component/Console/Input/ArgvInput), Object(Illuminate/Console/OutputStyle))
#25 F:/My Projects/source-x-multi-tenant-agency-modern/source-x-multi-tenant-agency/vendor/laravel/framework/src/Illuminate/Console/Command.php(180): Symfony/Component/Console/Command/Command->run(Object(Symfony/Component/Console/Input/ArgvInput), Object(Illuminate/Console/OutputStyle))
#26 F:/My Projects/source-x-multi-tenant-agency-modern/source-x-multi-tenant-agency/vendor/symfony/console/Application.php(1117): Illuminate/Console/Command->run(Object(Symfony/Component/Console/Input/ArgvInput), Object(Symfony/Component/Console/Output/ConsoleOutput))
#27 F:/My Projects/source-x-multi-tenant-agency-modern/source-x-multi-tenant-agency/vendor/symfony/console/Application.php(356): Symfony/Component/Console/Application->doRunCommand(Object(Illuminate/Database/Console/Migrations/StatusCommand), Object(Symfony/Component/Console/Input/ArgvInput), Object(Symfony/Component/Console/Output/ConsoleOutput))
#28 F:/My Projects/source-x-multi-tenant-agency-modern/source-x-multi-tenant-agency/vendor/symfony/console/Application.php(195): Symfony/Component/Console/Application->doRun(Object(Symfony/Component/Console/Input/ArgvInput), Object(Symfony/Component/Console/Output/ConsoleOutput))
#29 F:/My Projects/source-x-multi-tenant-agency-modern/source-x-multi-tenant-agency/vendor/laravel/framework/src/Illuminate/Foundation/Console/Kernel.php(198): Symfony/Component/Console/Application->run(Object(Symfony/Component/Console/Input/ArgvInput), Object(Symfony/Component/Console/Output/ConsoleOutput))
#30 F:/My Projects/source-x-multi-tenant-agency-modern/source-x-multi-tenant-agency/vendor/laravel/framework/src/Illuminate/Foundation/Application.php(1235): Illuminate/Foundation/Console/Kernel->handle(Object(Symfony/Component/Console/Input/ArgvInput), Object(Symfony/Component/Console/Output/ConsoleOutput))
#31 F:/My Projects/source-x-multi-tenant-agency-modern/source-x-multi-tenant-agency/artisan(7): Illuminate/Foundation/Application->handleCommand(Object(Symfony/Component/Console/Input/ArgvInput))
#32 {main}
"} 
[2026-09-21 22:30:35] local.ERROR: SQLSTATE[23000]: Integrity constraint violation: 19 UNIQUE constraint failed: tenants.slug (Connection: sqlite, Database: database/database.sqlite, SQL: insert into "tenants" ("name", "slug", "updated_at", "created_at") values (Acme Digital, acme-digital, 2026-09-21 22:30:35, 2026-09-21 22:30:35)) {"exception":"[object] (Illuminate\\Database\\UniqueConstraintViolationException(code: 23000): SQLSTATE[23000]: Integrity constraint violation: 19 UNIQUE constraint failed: tenants.slug (Connection: sqlite, Database: database/database.sqlite, SQL: insert into \"tenants\" (\"name\", \"slug\", \"updated_at\", \"created_at\") values (Acme Digital, acme-digital, 2026-09-21 22:30:35, 2026-09-21 22:30:35)) at F:/My Projects/source-x-multi-tenant-agency-modern/source-x-multi-tenant-agency/vendor/laravel/framework/src/Illuminate/Database/Connection.php:838)
[stacktrace]
#0 F:/My Projects/source-x-multi-tenant-agency-modern/source-x-multi-tenant-agency/vendor/laravel/framework/src/Illuminate/Database/Connection.php(794): Illuminate/Database/Connection->runQueryCallback('insert into \"te...', Array, Object(Closure))
#1 F:/My Projects/source-x-multi-tenant-agency-modern/source-x-multi-tenant-agency/vendor/laravel/framework/src/Illuminate/Database/Connection.php(573): Illuminate/Database/Connection->run('insert into \"te...', Array, Object(Closure))
#2 F:/My Projects/source-x-multi-tenant-agency-modern/source-x-multi-tenant-agency/vendor/laravel/framework/src/Illuminate/Database/Connection.php(537): Illuminate/Database/Connection->statement('insert into \"te...', Array)
#3 F:/My Projects/source-x-multi-tenant-agency-modern/source-x-multi-tenant-agency/vendor/laravel/framework/src/Illuminate/Database/Query/Processors/Processor.php(32): Illuminate/Database/Connection->insert('insert into \"te...', Array)
#4 F:/My Projects/source-x-multi-tenant-agency-modern/source-x-multi-tenant-agency/vendor/laravel/framework/src/Illuminate/Database/Query/Builder.php(4170): Illuminate/Database/Query/Processors/Processor->processInsertGetId(Object(Illuminate/Database/Query/Builder), 'insert into \"te...', Array, 'id')
#5 F:/My Projects/source-x-multi-tenant-agency-modern/source-x-multi-tenant-agency/vendor/laravel/framework/src/Illuminate/Database/Eloquent/Builder.php(2237): Illuminate/Database/Query/Builder->insertGetId(Array, 'id')
#6 F:/My Projects/source-x-multi-tenant-agency-modern/source-x-multi-tenant-agency/vendor/laravel/framework/src/Illuminate/Database/Eloquent/Model.php(1436): Illuminate/Database/Eloquent/Builder->__call('insertGetId', Array)
#7 F:/My Projects/source-x-multi-tenant-agency-modern/source-x-multi-tenant-agency/vendor/laravel/framework/src/Illuminate/Database/Eloquent/Model.php(1401): Illuminate/Database/Eloquent/Model->insertAndSetId(Object(Illuminate/Database/Eloquent/Builder), Array)
#8 F:/My Projects/source-x-multi-tenant-agency-modern/source-x-multi-tenant-agency/vendor/laravel/framework/src/Illuminate/Database/Eloquent/Model.php(1240): Illuminate/Database/Eloquent/Model->performInsert(Object(Illuminate/Database/Eloquent/Builder))
#9 F:/My Projects/source-x-multi-tenant-agency-modern/source-x-multi-tenant-agency/vendor/laravel/framework/src/Illuminate/Database/Eloquent/Builder.php(1219): Illuminate/Database/Eloquent/Model->save()
#10 F:/My Projects/source-x-multi-tenant-agency-modern/source-x-multi-tenant-agency/vendor/laravel/framework/src/Illuminate/Support/helpers.php(393): Illuminate/Database/Eloquent/Builder->Illuminate/Database/Eloquent/{closure}(Object(App/Models/Tenant))
#11 F:/My Projects/source-x-multi-tenant-agency-modern/source-x-multi-tenant-agency/vendor/laravel/framework/src/Illuminate/Database/Eloquent/Builder.php(1218): tap(Object(App/Models/Tenant), Object(Closure))
#12 F:/My Projects/source-x-multi-tenant-agency-modern/source-x-multi-tenant-agency/vendor/laravel/framework/src/Illuminate/Support/Traits/ForwardsCalls.php(23): Illuminate/Database/Eloquent/Builder->create(Array)
#13 F:/My Projects/source-x-multi-tenant-agency-modern/source-x-multi-tenant-agency/vendor/laravel/framework/src/Illuminate/Database/Eloquent/Model.php(2544): Illuminate/Database/Eloquent/Model->forwardCallTo(Object(Illuminate/Database/Eloquent/Builder), 'create', Array)
#14 F:/My Projects/source-x-multi-tenant-agency-modern/source-x-multi-tenant-agency/vendor/laravel/framework/src/Illuminate/Database/Eloquent/Model.php(2560): Illuminate/Database/Eloquent/Model->__call('create', Array)
#15 F:/My Projects/source-x-multi-tenant-agency-modern/source-x-multi-tenant-agency/database/seeders/DatabaseSeeder.php(4): Illuminate/Database/Eloquent/Model::__callStatic('create', Array)
#16 F:/My Projects/source-x-multi-tenant-agency-modern/source-x-multi-tenant-agency/vendor/laravel/framework/src/Illuminate/Container/BoundMethod.php(36): Database/Seeders/DatabaseSeeder->run()
#17 F:/My Projects/source-x-multi-tenant-agency-modern/source-x-multi-tenant-agency/vendor/laravel/framework/src/Illuminate/Container/Util.php(43): Illuminate/Container/BoundMethod::Illuminate/Container/{closure}()
#18 F:/My Projects/source-x-multi-tenant-agency-modern/source-x-multi-tenant-agency/vendor/laravel/framework/src/Illuminate/Container/BoundMethod.php(96): Illuminate/Container/Util::unwrapIfClosure(Object(Closure))
#19 F:/My Projects/source-x-multi-tenant-agency-modern/source-x-multi-tenant-agency/vendor/laravel/framework/src/Illuminate/Container/BoundMethod.php(35): Illuminate/Container/BoundMethod::callBoundMethod(Object(Illuminate/Foundation/Application), Array, Object(Closure))
#20 F:/My Projects/source-x-multi-tenant-agency-modern/source-x-multi-tenant-agency/vendor/laravel/framework/src/Illuminate/Container/Container.php(799): Illuminate/Container/BoundMethod::call(Object(Illuminate/Foundation/Application), Array, Array, NULL)
#21 F:/My Projects/source-x-multi-tenant-agency-modern/source-x-multi-tenant-agency/vendor/laravel/framework/src/Illuminate/Database/Seeder.php(184): Illuminate/Container/Container->call(Array, Array)
#22 F:/My Projects/source-x-multi-tenant-agency-modern/source-x-multi-tenant-agency/vendor/laravel/framework/src/Illuminate/Database/Seeder.php(193): Illuminate/Database/Seeder->Illuminate/Database/{closure}()
#23 F:/My Projects/source-x-multi-tenant-agency-modern/source-x-multi-tenant-agency/vendor/laravel/framework/src/Illuminate/Database/Console/Seeds/SeedCommand.php(71): Illuminate/Database/Seeder->__invoke()
#24 F:/My Projects/source-x-multi-tenant-agency-modern/source-x-multi-tenant-agency/vendor/laravel/framework/src/Illuminate/Database/Eloquent/Concerns/GuardsAttributes.php(157): Illuminate/Database/Console/Seeds/SeedCommand->Illuminate/Database/Console/Seeds/{closure}()
#25 F:/My Projects/source-x-multi-tenant-agency-modern/source-x-multi-tenant-agency/vendor/laravel/framework/src/Illuminate/Database/Console/Seeds/SeedCommand.php(70): Illuminate/Database/Eloquent/Model::unguarded(Object(Closure))
#26 F:/My Projects/source-x-multi-tenant-agency-modern/source-x-multi-tenant-agency/vendor/laravel/framework/src/Illuminate/Container/BoundMethod.php(36): Illuminate/Database/Console/Seeds/SeedCommand->handle()
#27 F:/My Projects/source-x-multi-tenant-agency-modern/source-x-multi-tenant-agency/vendor/laravel/framework/src/Illuminate/Container/Util.php(43): Illuminate/Container/BoundMethod::Illuminate/Container/{closure}()
#28 F:/My Projects/source-x-multi-tenant-agency-modern/source-x-multi-tenant-agency/vendor/laravel/framework/src/Illuminate/Container/BoundMethod.php(96): Illuminate/Container/Util::unwrapIfClosure(Object(Closure))
#29 F:/My Projects/source-x-multi-tenant-agency-modern/source-x-multi-tenant-agency/vendor/laravel/framework/src/Illuminate/Container/BoundMethod.php(35): Illuminate/Container/BoundMethod::callBoundMethod(Object(Illuminate/Foundation/Application), Array, Object(Closure))
#30 F:/My Projects/source-x-multi-tenant-agency-modern/source-x-multi-tenant-agency/vendor/laravel/framework/src/Illuminate/Container/Container.php(799): Illuminate/Container/BoundMethod::call(Object(Illuminate/Foundation/Application), Array, Array, NULL)
#31 F:/My Projects/source-x-multi-tenant-agency-modern/source-x-multi-tenant-agency/vendor/laravel/framework/src/Illuminate/Console/Command.php(211): Illuminate/Container/Container->call(Array)
#32 F:/My Projects/source-x-multi-tenant-agency-modern/source-x-multi-tenant-agency/vendor/symfony/console/Command/Command.php(341): Illuminate/Console/Command->execute(Object(Symfony/Component/Console/Input/ArgvInput), Object(Illuminate/Console/OutputStyle))
#33 F:/My Projects/source-x-multi-tenant-agency-modern/source-x-multi-tenant-agency/vendor/laravel/framework/src/Illuminate/Console/Command.php(180): Symfony/Component/Console/Command/Command->run(Object(Symfony/Component/Console/Input/ArgvInput), Object(Illuminate/Console/OutputStyle))
#34 F:/My Projects/source-x-multi-tenant-agency-modern/source-x-multi-tenant-agency/vendor/symfony/console/Application.php(1117): Illuminate/Console/Command->run(Object(Symfony/Component/Console/Input/ArgvInput), Object(Symfony/Component/Console/Output/ConsoleOutput))
#35 F:/My Projects/source-x-multi-tenant-agency-modern/source-x-multi-tenant-agency/vendor/symfony/console/Application.php(356): Symfony/Component/Console/Application->doRunCommand(Object(Illuminate/Database/Console/Seeds/SeedCommand), Object(Symfony/Component/Console/Input/ArgvInput), Object(Symfony/Component/Console/Output/ConsoleOutput))
#36 F:/My Projects/source-x-multi-tenant-agency-modern/source-x-multi-tenant-agency/vendor/symfony/console/Application.php(195): Symfony/Component/Console/Application->doRun(Object(Symfony/Component/Console/Input/ArgvInput), Object(Symfony/Component/Console/Output/ConsoleOutput))
#37 F:/My Projects/source-x-multi-tenant-agency-modern/source-x-multi-tenant-agency/vendor/laravel/framework/src/Illuminate/Foundation/Console/Kernel.php(198): Symfony/Component/Console/Application->run(Object(Symfony/Component/Console/Input/ArgvInput), Object(Symfony/Component/Console/Output/ConsoleOutput))
#38 F:/My Projects/source-x-multi-tenant-agency-modern/source-x-multi-tenant-agency/vendor/laravel/framework/src/Illuminate/Foundation/Application.php(1235): Illuminate/Foundation/Console/Kernel->handle(Object(Symfony/Component/Console/Input/ArgvInput), Object(Symfony/Component/Console/Output/ConsoleOutput))
#39 F:/My Projects/source-x-multi-tenant-agency-modern/source-x-multi-tenant-agency/artisan(7): Illuminate/Foundation/Application->handleCommand(Object(Symfony/Component/Console/Input/ArgvInput))
#40 {main}

[previous exception] [object] (PDOException(code: 23000): SQLSTATE[23000]: Integrity constraint violation: 19 UNIQUE constraint failed: tenants.slug at F:/My Projects/source-x-multi-tenant-agency-modern/source-x-multi-tenant-agency/vendor/laravel/framework/src/Illuminate/Database/Connection.php:584)
[stacktrace]
#0 F:/My Projects/source-x-multi-tenant-agency-modern/source-x-multi-tenant-agency/vendor/laravel/framework/src/Illuminate/Database/Connection.php(584): PDOStatement->execute()
#1 F:/My Projects/source-x-multi-tenant-agency-modern/source-x-multi-tenant-agency/vendor/laravel/framework/src/Illuminate/Database/Connection.php(827): Illuminate/Database/Connection->Illuminate/Database/{closure}('insert into \"te...', Array)
#2 F:/My Projects/source-x-multi-tenant-agency-modern/source-x-multi-tenant-agency/vendor/laravel/framework/src/Illuminate/Database/Connection.php(794): Illuminate/Database/Connection->runQueryCallback('insert into \"te...', Array, Object(Closure))
#3 F:/My Projects/source-x-multi-tenant-agency-modern/source-x-multi-tenant-agency/vendor/laravel/framework/src/Illuminate/Database/Connection.php(573): Illuminate/Database/Connection->run('insert into \"te...', Array, Object(Closure))
#4 F:/My Projects/source-x-multi-tenant-agency-modern/source-x-multi-tenant-agency/vendor/laravel/framework/src/Illuminate/Database/Connection.php(537): Illuminate/Database/Connection->statement('insert into \"te...', Array)
#5 F:/My Projects/source-x-multi-tenant-agency-modern/source-x-multi-tenant-agency/vendor/laravel/framework/src/Illuminate/Database/Query/Processors/Processor.php(32): Illuminate/Database/Connection->insert('insert into \"te...', Array)
#6 F:/My Projects/source-x-multi-tenant-agency-modern/source-x-multi-tenant-agency/vendor/laravel/framework/src/Illuminate/Database/Query/Builder.php(4170): Illuminate/Database/Query/Processors/Processor->processInsertGetId(Object(Illuminate/Database/Query/Builder), 'insert into \"te...', Array, 'id')
#7 F:/My Projects/source-x-multi-tenant-agency-modern/source-x-multi-tenant-agency/vendor/laravel/framework/src/Illuminate/Database/Eloquent/Builder.php(2237): Illuminate/Database/Query/Builder->insertGetId(Array, 'id')
#8 F:/My Projects/source-x-multi-tenant-agency-modern/source-x-multi-tenant-agency/vendor/laravel/framework/src/Illuminate/Database/Eloquent/Model.php(1436): Illuminate/Database/Eloquent/Builder->__call('insertGetId', Array)
#9 F:/My Projects/source-x-multi-tenant-agency-modern/source-x-multi-tenant-agency/vendor/laravel/framework/src/Illuminate/Database/Eloquent/Model.php(1401): Illuminate/Database/Eloquent/Model->insertAndSetId(Object(Illuminate/Database/Eloquent/Builder), Array)
#10 F:/My Projects/source-x-multi-tenant-agency-modern/source-x-multi-tenant-agency/vendor/laravel/framework/src/Illuminate/Database/Eloquent/Model.php(1240): Illuminate/Database/Eloquent/Model->performInsert(Object(Illuminate/Database/Eloquent/Builder))
#11 F:/My Projects/source-x-multi-tenant-agency-modern/source-x-multi-tenant-agency/vendor/laravel/framework/src/Illuminate/Database/Eloquent/Builder.php(1219): Illuminate/Database/Eloquent/Model->save()
#12 F:/My Projects/source-x-multi-tenant-agency-modern/source-x-multi-tenant-agency/vendor/laravel/framework/src/Illuminate/Support/helpers.php(393): Illuminate/Database/Eloquent/Builder->Illuminate/Database/Eloquent/{closure}(Object(App/Models/Tenant))
#13 F:/My Projects/source-x-multi-tenant-agency-modern/source-x-multi-tenant-agency/vendor/laravel/framework/src/Illuminate/Database/Eloquent/Builder.php(1218): tap(Object(App/Models/Tenant), Object(Closure))
#14 F:/My Projects/source-x-multi-tenant-agency-modern/source-x-multi-tenant-agency/vendor/laravel/framework/src/Illuminate/Support/Traits/ForwardsCalls.php(23): Illuminate/Database/Eloquent/Builder->create(Array)
#15 F:/My Projects/source-x-multi-tenant-agency-modern/source-x-multi-tenant-agency/vendor/laravel/framework/src/Illuminate/Database/Eloquent/Model.php(2544): Illuminate/Database/Eloquent/Model->forwardCallTo(Object(Illuminate/Database/Eloquent/Builder), 'create', Array)
#16 F:/My Projects/source-x-multi-tenant-agency-modern/source-x-multi-tenant-agency/vendor/laravel/framework/src/Illuminate/Database/Eloquent/Model.php(2560): Illuminate/Database/Eloquent/Model->__call('create', Array)
#17 F:/My Projects/source-x-multi-tenant-agency-modern/source-x-multi-tenant-agency/database/seeders/DatabaseSeeder.php(4): Illuminate/Database/Eloquent/Model::__callStatic('create', Array)
#18 F:/My Projects/source-x-multi-tenant-agency-modern/source-x-multi-tenant-agency/vendor/laravel/framework/src/Illuminate/Container/BoundMethod.php(36): Database/Seeders/DatabaseSeeder->run()
#19 F:/My Projects/source-x-multi-tenant-agency-modern/source-x-multi-tenant-agency/vendor/laravel/framework/src/Illuminate/Container/Util.php(43): Illuminate/Container/BoundMethod::Illuminate/Container/{closure}()
#20 F:/My Projects/source-x-multi-tenant-agency-modern/source-x-multi-tenant-agency/vendor/laravel/framework/src/Illuminate/Container/BoundMethod.php(96): Illuminate/Container/Util::unwrapIfClosure(Object(Closure))
#21 F:/My Projects/source-x-multi-tenant-agency-modern/source-x-multi-tenant-agency/vendor/laravel/framework/src/Illuminate/Container/BoundMethod.php(35): Illuminate/Container/BoundMethod::callBoundMethod(Object(Illuminate/Foundation/Application), Array, Object(Closure))
#22 F:/My Projects/source-x-multi-tenant-agency-modern/source-x-multi-tenant-agency/vendor/laravel/framework/src/Illuminate/Container/Container.php(799): Illuminate/Container/BoundMethod::call(Object(Illuminate/Foundation/Application), Array, Array, NULL)
#23 F:/My Projects/source-x-multi-tenant-agency-modern/source-x-multi-tenant-agency/vendor/laravel/framework/src/Illuminate/Database/Seeder.php(184): Illuminate/Container/Container->call(Array, Array)
#24 F:/My Projects/source-x-multi-tenant-agency-modern/source-x-multi-tenant-agency/vendor/laravel/framework/src/Illuminate/Database/Seeder.php(193): Illuminate/Database/Seeder->Illuminate/Database/{closure}()
#25 F:/My Projects/source-x-multi-tenant-agency-modern/source-x-multi-tenant-agency/vendor/laravel/framework/src/Illuminate/Database/Console/Seeds/SeedCommand.php(71): Illuminate/Database/Seeder->__invoke()
#26 F:/My Projects/source-x-multi-tenant-agency-modern/source-x-multi-tenant-agency/vendor/laravel/framework/src/Illuminate/Database/Eloquent/Concerns/GuardsAttributes.php(157): Illuminate/Database/Console/Seeds/SeedCommand->Illuminate/Database/Console/Seeds/{closure}()
#27 F:/My Projects/source-x-multi-tenant-agency-modern/source-x-multi-tenant-agency/vendor/laravel/framework/src/Illuminate/Database/Console/Seeds/SeedCommand.php(70): Illuminate/Database/Eloquent/Model::unguarded(Object(Closure))
#28 F:/My Projects/source-x-multi-tenant-agency-modern/source-x-multi-tenant-agency/vendor/laravel/framework/src/Illuminate/Container/BoundMethod.php(36): Illuminate/Database/Console/Seeds/SeedCommand->handle()
#29 F:/My Projects/source-x-multi-tenant-agency-modern/source-x-multi-tenant-agency/vendor/laravel/framework/src/Illuminate/Container/Util.php(43): Illuminate/Container/BoundMethod::Illuminate/Container/{closure}()
#30 F:/My Projects/source-x-multi-tenant-agency-modern/source-x-multi-tenant-agency/vendor/laravel/framework/src/Illuminate/Container/BoundMethod.php(96): Illuminate/Container/Util::unwrapIfClosure(Object(Closure))
#31 F:/My Projects/source-x-multi-tenant-agency-modern/source-x-multi-tenant-agency/vendor/laravel/framework/src/Illuminate/Container/BoundMethod.php(35): Illuminate/Container/BoundMethod::callBoundMethod(Object(Illuminate/Foundation/Application), Array, Object(Closure))
#32 F:/My Projects/source-x-multi-tenant-agency-modern/source-x-multi-tenant-agency/vendor/laravel/framework/src/Illuminate/Container/Container.php(799): Illuminate/Container/BoundMethod::call(Object(Illuminate/Foundation/Application), Array, Array, NULL)
#33 F:/My Projects/source-x-multi-tenant-agency-modern/source-x-multi-tenant-agency/vendor/laravel/framework/src/Illuminate/Console/Command.php(211): Illuminate/Container/Container->call(Array)
#34 F:/My Projects/source-x-multi-tenant-agency-modern/source-x-multi-tenant-agency/vendor/symfony/console/Command/Command.php(341): Illuminate/Console/Command->execute(Object(Symfony/Component/Console/Input/ArgvInput), Object(Illuminate/Console/OutputStyle))
#35 F:/My Projects/source-x-multi-tenant-agency-modern/source-x-multi-tenant-agency/vendor/laravel/framework/src/Illuminate/Console/Command.php(180): Symfony/Component/Console/Command/Command->run(Object(Symfony/Component/Console/Input/ArgvInput), Object(Illuminate/Console/OutputStyle))
#36 F:/My Projects/source-x-multi-tenant-agency-modern/source-x-multi-tenant-agency/vendor/symfony/console/Application.php(1117): Illuminate/Console/Command->run(Object(Symfony/Component/Console/Input/ArgvInput), Object(Symfony/Component/Console/Output/ConsoleOutput))
#37 F:/My Projects/source-x-multi-tenant-agency-modern/source-x-multi-tenant-agency/vendor/symfony/console/Application.php(356): Symfony/Component/Console/Application->doRunCommand(Object(Illuminate/Database/Console/Seeds/SeedCommand), Object(Symfony/Component/Console/Input/ArgvInput), Object(Symfony/Component/Console/Output/ConsoleOutput))
#38 F:/My Projects/source-x-multi-tenant-agency-modern/source-x-multi-tenant-agency/vendor/symfony/console/Application.php(195): Symfony/Component/Console/Application->doRun(Object(Symfony/Component/Console/Input/ArgvInput), Object(Symfony/Component/Console/Output/ConsoleOutput))
#39 F:/My Projects/source-x-multi-tenant-agency-modern/source-x-multi-tenant-agency/vendor/laravel/framework/src/Illuminate/Foundation/Console/Kernel.php(198): Symfony/Component/Console/Application->run(Object(Symfony/Component/Console/Input/ArgvInput), Object(Symfony/Component/Console/Output/ConsoleOutput))
#40 F:/My Projects/source-x-multi-tenant-agency-modern/source-x-multi-tenant-agency/vendor/laravel/framework/src/Illuminate/Foundation/Application.php(1235): Illuminate/Foundation/Console/Kernel->handle(Object(Symfony/Component/Console/Input/ArgvInput), Object(Symfony/Component/Console/Output/ConsoleOutput))
#41 F:/My Projects/source-x-multi-tenant-agency-modern/source-x-multi-tenant-agency/artisan(7): Illuminate/Foundation/Application->handleCommand(Object(Symfony/Component/Console/Input/ArgvInput))
#42 {main}
"} 
[2026-09-21 22:30:36] local.ERROR: Command "tinker" is not defined. {"exception":"[object] (Symfony\\Component\\Console\\Exception\\CommandNotFoundException(code: 0): Command \"tinker\" is not defined. at F:/My Projects/source-x-multi-tenant-agency-modern/source-x-multi-tenant-agency/vendor/symfony/console/Application.php:759)
[stacktrace]
#0 F:/My Projects/source-x-multi-tenant-agency-modern/source-x-multi-tenant-agency/vendor/symfony/console/Application.php(298): Symfony/Component/Console/Application->find('tinker')
#1 F:/My Projects/source-x-multi-tenant-agency-modern/source-x-multi-tenant-agency/vendor/symfony/console/Application.php(195): Symfony/Component/Console/Application->doRun(Object(Symfony/Component/Console/Input/ArgvInput), Object(Symfony/Component/Console/Output/ConsoleOutput))
#2 F:/My Projects/source-x-multi-tenant-agency-modern/source-x-multi-tenant-agency/vendor/laravel/framework/src/Illuminate/Foundation/Console/Kernel.php(198): Symfony/Component/Console/Application->run(Object(Symfony/Component/Console/Input/ArgvInput), Object(Symfony/Component/Console/Output/ConsoleOutput))
#3 F:/My Projects/source-x-multi-tenant-agency-modern/source-x-multi-tenant-agency/vendor/laravel/framework/src/Illuminate/Foundation/Application.php(1235): Illuminate/Foundation/Console/Kernel->handle(Object(Symfony/Component/Console/Input/ArgvInput), Object(Symfony/Component/Console/Output/ConsoleOutput))
#4 F:/My Projects/source-x-multi-tenant-agency-modern/source-x-multi-tenant-agency/artisan(7): Illuminate/Foundation/Application->handleCommand(Object(Symfony/Component/Console/Input/ArgvInput))
#5 {main}
"} 
[2026-09-21 22:31:10] local.ERROR: The "intl" PHP extension is required to use the [format] method. {"exception":"[object] (RuntimeException(code: 0): The \"intl\" PHP extension is required to use the [format] method. at F:/My Projects/source-x-multi-tenant-agency-modern/source-x-multi-tenant-agency/vendor/laravel/framework/src/Illuminate/Support/Number.php:453)
[stacktrace]
#0 F:/My Projects/source-x-multi-tenant-agency-modern/source-x-multi-tenant-agency/vendor/laravel/framework/src/Illuminate/Support/Number.php(38): Illuminate/Support/Number::ensureIntlExtensionIsInstalled()
#1 F:/My Projects/source-x-multi-tenant-agency-modern/source-x-multi-tenant-agency/vendor/laravel/framework/src/Illuminate/Database/Console/ShowCommand.php(194): Illuminate/Support/Number::format(2)
#2 F:/My Projects/source-x-multi-tenant-agency-modern/source-x-multi-tenant-agency/vendor/laravel/framework/src/Illuminate/Collections/Traits/EnumeratesValues.php(275): Illuminate/Database/Console/ShowCommand->Illuminate/Database/Console/{closure}(Array, 0)
#3 F:/My Projects/source-x-multi-tenant-agency-modern/source-x-multi-tenant-agency/vendor/laravel/framework/src/Illuminate/Database/Console/ShowCommand.php(189): Illuminate/Support/Collection->each(Object(Closure))
#4 F:/My Projects/source-x-multi-tenant-agency-modern/source-x-multi-tenant-agency/vendor/laravel/framework/src/Illuminate/Database/Console/ShowCommand.php(136): Illuminate/Database/Console/ShowCommand->displayForCli(Array)
#5 F:/My Projects/source-x-multi-tenant-agency-modern/source-x-multi-tenant-agency/vendor/laravel/framework/src/Illuminate/Database/Console/ShowCommand.php(65): Illuminate/Database/Console/ShowCommand->display(Array)
#6 F:/My Projects/source-x-multi-tenant-agency-modern/source-x-multi-tenant-agency/vendor/laravel/framework/src/Illuminate/Container/BoundMethod.php(36): Illuminate/Database/Console/ShowCommand->handle(Object(Illuminate/Database/DatabaseManager))
#7 F:/My Projects/source-x-multi-tenant-agency-modern/source-x-multi-tenant-agency/vendor/laravel/framework/src/Illuminate/Container/Util.php(43): Illuminate/Container/BoundMethod::Illuminate/Container/{closure}()
#8 F:/My Projects/source-x-multi-tenant-agency-modern/source-x-multi-tenant-agency/vendor/laravel/framework/src/Illuminate/Container/BoundMethod.php(96): Illuminate/Container/Util::unwrapIfClosure(Object(Closure))
#9 F:/My Projects/source-x-multi-tenant-agency-modern/source-x-multi-tenant-agency/vendor/laravel/framework/src/Illuminate/Container/BoundMethod.php(35): Illuminate/Container/BoundMethod::callBoundMethod(Object(Illuminate/Foundation/Application), Array, Object(Closure))
#10 F:/My Projects/source-x-multi-tenant-agency-modern/source-x-multi-tenant-agency/vendor/laravel/framework/src/Illuminate/Container/Container.php(799): Illuminate/Container/BoundMethod::call(Object(Illuminate/Foundation/Application), Array, Array, NULL)
#11 F:/My Projects/source-x-multi-tenant-agency-modern/source-x-multi-tenant-agency/vendor/laravel/framework/src/Illuminate/Console/Command.php(211): Illuminate/Container/Container->call(Array)
#12 F:/My Projects/source-x-multi-tenant-agency-modern/source-x-multi-tenant-agency/vendor/symfony/console/Command/Command.php(341): Illuminate/Console/Command->execute(Object(Symfony/Component/Console/Input/ArgvInput), Object(Illuminate/Console/OutputStyle))
#13 F:/My Projects/source-x-multi-tenant-agency-modern/source-x-multi-tenant-agency/vendor/laravel/framework/src/Illuminate/Console/Command.php(180): Symfony/Component/Console/Command/Command->run(Object(Symfony/Component/Console/Input/ArgvInput), Object(Illuminate/Console/OutputStyle))
#14 F:/My Projects/source-x-multi-tenant-agency-modern/source-x-multi-tenant-agency/vendor/symfony/console/Application.php(1117): Illuminate/Console/Command->run(Object(Symfony/Component/Console/Input/ArgvInput), Object(Symfony/Component/Console/Output/ConsoleOutput))
#15 F:/My Projects/source-x-multi-tenant-agency-modern/source-x-multi-tenant-agency/vendor/symfony/console/Application.php(356): Symfony/Component/Console/Application->doRunCommand(Object(Illuminate/Database/Console/ShowCommand), Object(Symfony/Component/Console/Input/ArgvInput), Object(Symfony/Component/Console/Output/ConsoleOutput))
#16 F:/My Projects/source-x-multi-tenant-agency-modern/source-x-multi-tenant-agency/vendor/symfony/console/Application.php(195): Symfony/Component/Console/Application->doRun(Object(Symfony/Component/Console/Input/ArgvInput), Object(Symfony/Component/Console/Output/ConsoleOutput))
#17 F:/My Projects/source-x-multi-tenant-agency-modern/source-x-multi-tenant-agency/vendor/laravel/framework/src/Illuminate/Foundation/Console/Kernel.php(198): Symfony/Component/Console/Application->run(Object(Symfony/Component/Console/Input/ArgvInput), Object(Symfony/Component/Console/Output/ConsoleOutput))
#18 F:/My Projects/source-x-multi-tenant-agency-modern/source-x-multi-tenant-agency/vendor/laravel/framework/src/Illuminate/Foundation/Application.php(1235): Illuminate/Foundation/Console/Kernel->handle(Object(Symfony/Component/Console/Input/ArgvInput), Object(Symfony/Component/Console/Output/ConsoleOutput))
#19 F:/My Projects/source-x-multi-tenant-agency-modern/source-x-multi-tenant-agency/artisan(7): Illuminate/Foundation/Application->handleCommand(Object(Symfony/Component/Console/Input/ArgvInput))
#20 {main}
"} 
[2026-09-21 22:49:03] local.ERROR: The process "C:\xampp\php\php.exe artisan queue:work --once "--name=default" "--queue=default" "--backoff=0" "--memory=128" "--sleep=3" "--tries=1"" exceeded the timeout of 60 seconds. {"exception":"[object] (Symfony\\Component\\Process\\Exception\\ProcessTimedOutException(code: 0): The process \"C:\\xampp\\php\\php.exe artisan queue:work --once \"--name=default\" \"--queue=default\" \"--backoff=0\" \"--memory=128\" \"--sleep=3\" \"--tries=1\"\" exceeded the timeout of 60 seconds. at F:/My Projects/source-x-multi-tenant-agency-modern/source-x-multi-tenant-agency/vendor/symfony/process/Process.php:1212)
[stacktrace]
#0 F:/My Projects/source-x-multi-tenant-agency-modern/source-x-multi-tenant-agency/vendor/symfony/process/Process.php(478): Symfony/Component/Process/Process->checkTimeout()
#1 F:/My Projects/source-x-multi-tenant-agency-modern/source-x-multi-tenant-agency/vendor/symfony/process/Process.php(264): Symfony/Component/Process/Process->wait()
#2 F:/My Projects/source-x-multi-tenant-agency-modern/source-x-multi-tenant-agency/vendor/laravel/framework/src/Illuminate/Queue/Listener.php(180): Symfony/Component/Process/Process->run(Object(Closure))
#3 F:/My Projects/source-x-multi-tenant-agency-modern/source-x-multi-tenant-agency/vendor/laravel/framework/src/Illuminate/Queue/Listener.php(91): Illuminate/Queue/Listener->runProcess(Object(Symfony/Component/Process/Process), '128')
#4 F:/My Projects/source-x-multi-tenant-agency-modern/source-x-multi-tenant-agency/vendor/laravel/framework/src/Illuminate/Queue/Console/ListenCommand.php(74): Illuminate/Queue/Listener->listen(NULL, 'default', Object(Illuminate/Queue/ListenerOptions))
#5 F:/My Projects/source-x-multi-tenant-agency-modern/source-x-multi-tenant-agency/vendor/laravel/framework/src/Illuminate/Container/BoundMethod.php(36): Illuminate/Queue/Console/ListenCommand->handle()
#6 F:/My Projects/source-x-multi-tenant-agency-modern/source-x-multi-tenant-agency/vendor/laravel/framework/src/Illuminate/Container/Util.php(43): Illuminate/Container/BoundMethod::Illuminate/Container/{closure}()
#7 F:/My Projects/source-x-multi-tenant-agency-modern/source-x-multi-tenant-agency/vendor/laravel/framework/src/Illuminate/Container/BoundMethod.php(96): Illuminate/Container/Util::unwrapIfClosure(Object(Closure))
#8 F:/My Projects/source-x-multi-tenant-agency-modern/source-x-multi-tenant-agency/vendor/laravel/framework/src/Illuminate/Container/BoundMethod.php(35): Illuminate/Container/BoundMethod::callBoundMethod(Object(Illuminate/Foundation/Application), Array, Object(Closure))
#9 F:/My Projects/source-x-multi-tenant-agency-modern/source-x-multi-tenant-agency/vendor/laravel/framework/src/Illuminate/Container/Container.php(799): Illuminate/Container/BoundMethod::call(Object(Illuminate/Foundation/Application), Array, Array, NULL)
#10 F:/My Projects/source-x-multi-tenant-agency-modern/source-x-multi-tenant-agency/vendor/laravel/framework/src/Illuminate/Console/Command.php(211): Illuminate/Container/Container->call(Array)
#11 F:/My Projects/source-x-multi-tenant-agency-modern/source-x-multi-tenant-agency/vendor/symfony/console/Command/Command.php(341): Illuminate/Console/Command->execute(Object(Symfony/Component/Console/Input/ArgvInput), Object(Illuminate/Console/OutputStyle))
#12 F:/My Projects/source-x-multi-tenant-agency-modern/source-x-multi-tenant-agency/vendor/laravel/framework/src/Illuminate/Console/Command.php(180): Symfony/Component/Console/Command/Command->run(Object(Symfony/Component/Console/Input/ArgvInput), Object(Illuminate/Console/OutputStyle))
#13 F:/My Projects/source-x-multi-tenant-agency-modern/source-x-multi-tenant-agency/vendor/symfony/console/Application.php(1117): Illuminate/Console/Command->run(Object(Symfony/Component/Console/Input/ArgvInput), Object(Symfony/Component/Console/Output/ConsoleOutput))
#14 F:/My Projects/source-x-multi-tenant-agency-modern/source-x-multi-tenant-agency/vendor/symfony/console/Application.php(356): Symfony/Component/Console/Application->doRunCommand(Object(Illuminate/Queue/Console/ListenCommand), Object(Symfony/Component/Console/Input/ArgvInput), Object(Symfony/Component/Console/Output/ConsoleOutput))
#15 F:/My Projects/source-x-multi-tenant-agency-modern/source-x-multi-tenant-agency/vendor/symfony/console/Application.php(195): Symfony/Component/Console/Application->doRun(Object(Symfony/Component/Console/Input/ArgvInput), Object(Symfony/Component/Console/Output/ConsoleOutput))
#16 F:/My Projects/source-x-multi-tenant-agency-modern/source-x-multi-tenant-agency/vendor/laravel/framework/src/Illuminate/Foundation/Console/Kernel.php(198): Symfony/Component/Console/Application->run(Object(Symfony/Component/Console/Input/ArgvInput), Object(Symfony/Component/Console/Output/ConsoleOutput))
#17 F:/My Projects/source-x-multi-tenant-agency-modern/source-x-multi-tenant-agency/vendor/laravel/framework/src/Illuminate/Foundation/Application.php(1235): Illuminate/Foundation/Console/Kernel->handle(Object(Symfony/Component/Console/Input/ArgvInput), Object(Symfony/Component/Console/Output/ConsoleOutput))
#18 F:/My Projects/source-x-multi-tenant-agency-modern/source-x-multi-tenant-agency/artisan(7): Illuminate/Foundation/Application->handleCommand(Object(Symfony/Component/Console/Input/ArgvInput))
#19 {main}
"} 
